Loading stories from /Users/skipper/Desktop/machine_learning/NLP/NLP_Project/data/stories/english/stories.jsonl
  1566 stories

      Rate limited, waiting 10s...
      Rate limited, waiting 10s...
      Rate limited, waiting 10s...
      Rate limited, waiting 10s...
  [50/1566] processed
      Rate limited, waiting 10s...
      Rate limited, waiting 10s...
      Rate limited, waiting 10s...
      Rate limited, waiting 10s...
      Rate limited, waiting 10s...
      Rate limited, waiting 10s...
      Rate limited, waiting 10s...
      Rate limited, waiting 10s...
  [100/1566] processed
      Rate limited, waiting 10s...
      Rate limited, waiting 10s...
      Rate limited, waiting 10s...
      Rate limited, waiting 10s...
      Rate limited, waiting 10s...
      Rate limited, waiting 10s...
      Rate limited, waiting 10s...
      Rate limited, waiting 10s...
      Rate limited, waiting 10s...
  [150/1566] processed
      Rate limited, waiting 10s...
      Rate limited, waiting 10s...
      Rate limited, waiting 10s...
      Rate limited, waiting 10s...
      Rate limited, waiting 10s...
      Rate limited, waiting 10s...
      Rate limited, waiting 10s...
      Rate limited, waiting 10s...
      Rate limited, waiting 10s...
  [200/1566] processed
      Rate limited, waiting 10s...
      Rate limited, waiting 10s...
      Rate limited, waiting 10s...
      Rate limited, waiting 10s...
      Rate limited, waiting 10s...
      Rate limited, waiting 10s...
      Rate limited, waiting 10s...
      Rate limited, waiting 10s...
      Rate limited, waiting 10s...
  [250/1566] processed
      Rate limited, waiting 10s...
      Rate limited, waiting 10s...
      Rate limited, waiting 10s...
      Rate limited, waiting 10s...
      Rate limited, waiting 10s...
      Rate limited, waiting 10s...
      Rate limited, waiting 10s...
      Rate limited, waiting 10s...
      Rate limited, waiting 10s...
  [300/1566] processed
      Rate limited, waiting 10s...
      Rate limited, waiting 10s...
      Rate limited, waiting 10s...
      Rate limited, waiting 10s...
      Rate limited, waiting 10s...
      Rate limited, waiting 10s...
      Rate limited, waiting 10s...
      Rate limited, waiting 10s...
      Rate limited, waiting 10s...
  [350/1566] processed
      Rate limited, waiting 10s...
      Rate limited, waiting 10s...
      Rate limited, waiting 10s...
      Rate limited, waiting 10s...
      Rate limited, waiting 10s...
      Rate limited, waiting 10s...
      Rate limited, waiting 10s...
      Rate limited, waiting 10s...
      Rate limited, waiting 10s...
  [400/1566] processed
      Rate limited, waiting 10s...
      Rate limited, waiting 10s...
      Rate limited, waiting 10s...
      Rate limited, waiting 10s...
      Rate limited, waiting 10s...
      Rate limited, waiting 10s...
      Rate limited, waiting 10s...
      Rate limited, waiting 10s...
  [450/1566] processed
      Rate limited, waiting 10s...
      Rate limited, waiting 10s...
      Rate limited, waiting 10s...
      Rate limited, waiting 10s...
      Rate limited, waiting 10s...
      Rate limited, waiting 10s...
      Rate limited, waiting 10s...
      Rate limited, waiting 10s...
      Rate limited, waiting 10s...
  [500/1566] processed
      Rate limited, waiting 10s...
      Rate limited, waiting 10s...
      Rate limited, waiting 10s...
      Rate limited, waiting 10s...
      Rate limited, waiting 10s...
      Rate limited, waiting 10s...
      Rate limited, waiting 10s...
  [550/1566] processed
      Rate limited, waiting 10s...
      Rate limited, waiting 10s...
      Rate limited, waiting 10s...
      Rate limited, waiting 10s...
      Rate limited, waiting 10s...
      Rate limited, waiting 10s...
      Rate limited, waiting 10s...
      Rate limited, waiting 10s...
      Rate limited, waiting 10s...
  [600/1566] processed
      Rate limited, waiting 10s...
      Rate limited, waiting 10s...
      Rate limited, waiting 10s...
      Rate limited, waiting 10s...
      Rate limited, waiting 10s...
      Rate limited, waiting 10s...
      Rate limited, waiting 10s...
      Rate limited, waiting 10s...
  [650/1566] processed
      Rate limited, waiting 10s...
      Rate limited, waiting 10s...
      Rate limited, waiting 10s...
      Rate limited, waiting 10s...
      Rate limited, waiting 10s...
      Rate limited, waiting 10s...
      Rate limited, waiting 10s...
      Rate limited, waiting 10s...
      Rate limited, waiting 10s...
  [700/1566] processed
      Rate limited, waiting 10s...
      Rate limited, waiting 10s...
      Rate limited, waiting 10s...
      Rate limited, waiting 10s...
      Rate limited, waiting 10s...
      Rate limited, waiting 10s...
      Rate limited, waiting 10s...
      Rate limited, waiting 10s...
      Rate limited, waiting 10s...
  [750/1566] processed
      Rate limited, waiting 10s...
      Rate limited, waiting 10s...
      Rate limited, waiting 10s...
      Rate limited, waiting 10s...
      Rate limited, waiting 10s...
      Rate limited, waiting 10s...
      Rate limited, waiting 10s...
      Rate limited, waiting 10s...
      Rate limited, waiting 10s...
  [800/1566] processed
      Rate limited, waiting 10s...
      Rate limited, waiting 10s...
      Rate limited, waiting 10s...
      Rate limited, waiting 10s...
      Rate limited, waiting 10s...
      Rate limited, waiting 10s...
      Rate limited, waiting 10s...
      Rate limited, waiting 10s...
  [850/1566] processed
      Rate limited, waiting 10s...
      Rate limited, waiting 10s...
      Rate limited, waiting 10s...
      Rate limited, waiting 10s...
      Rate limited, waiting 10s...
      Rate limited, waiting 10s...
      Rate limited, waiting 10s...
      Rate limited, waiting 10s...
      Rate limited, waiting 10s...
  [900/1566] processed
      Rate limited, waiting 10s...
      Rate limited, waiting 10s...
      Rate limited, waiting 10s...
      Rate limited, waiting 10s...
      Rate limited, waiting 10s...
      Rate limited, waiting 10s...
      Rate limited, waiting 10s...
      Rate limited, waiting 10s...
  [950/1566] processed
      Rate limited, waiting 10s...
      Rate limited, waiting 10s...
      Rate limited, waiting 10s...
      Rate limited, waiting 10s...
      Rate limited, waiting 10s...
      Rate limited, waiting 10s...
      Rate limited, waiting 10s...
      Rate limited, waiting 10s...
      Rate limited, waiting 10s...
  [1000/1566] processed
      Rate limited, waiting 10s...
      Rate limited, waiting 10s...
      Rate limited, waiting 10s...
      Rate limited, waiting 10s...
      Rate limited, waiting 10s...
      Rate limited, waiting 10s...
      Rate limited, waiting 10s...
      Rate limited, waiting 10s...
  [1050/1566] processed
      Rate limited, waiting 10s...
      Rate limited, waiting 10s...
      Rate limited, waiting 10s...
      Rate limited, waiting 10s...
      Rate limited, waiting 10s...
      Rate limited, waiting 10s...
      Rate limited, waiting 10s...
      Rate limited, waiting 10s...
  [1100/1566] processed
      Rate limited, waiting 10s...
      Rate limited, waiting 10s...
      Rate limited, waiting 10s...
      Rate limited, waiting 10s...
      Rate limited, waiting 10s...
      Rate limited, waiting 10s...
      Rate limited, waiting 10s...
      Rate limited, waiting 10s...
      Rate limited, waiting 10s...
  [1150/1566] processed
      Rate limited, waiting 10s...
      Rate limited, waiting 10s...
      Rate limited, waiting 10s...
      Rate limited, waiting 10s...
      Rate limited, waiting 10s...
      Rate limited, waiting 10s...
      Rate limited, waiting 10s...
      Rate limited, waiting 10s...
  [1200/1566] processed
      Rate limited, waiting 10s...
      Rate limited, waiting 10s...
      Rate limited, waiting 10s...
      Rate limited, waiting 10s...
      Rate limited, waiting 10s...
      Rate limited, waiting 10s...
      Rate limited, waiting 10s...
      Rate limited, waiting 10s...
  [1250/1566] processed
      Rate limited, waiting 10s...
      Rate limited, waiting 10s...
      Rate limited, waiting 10s...
      Rate limited, waiting 10s...
      Rate limited, waiting 10s...
      Rate limited, waiting 10s...
      Rate limited, waiting 10s...
      Rate limited, waiting 10s...
  [1300/1566] processed
      Rate limited, waiting 10s...
      Rate limited, waiting 10s...
      Rate limited, waiting 10s...
      Rate limited, waiting 10s...
      Rate limited, waiting 10s...
      Rate limited, waiting 10s...
      Rate limited, waiting 10s...
      Rate limited, waiting 10s...
      Rate limited, waiting 10s...
  [1350/1566] processed
      Rate limited, waiting 10s...
      Rate limited, waiting 10s...
      Rate limited, waiting 10s...
      Rate limited, waiting 10s...
      Rate limited, waiting 10s...
      Rate limited, waiting 10s...
      Rate limited, waiting 10s...
      Rate limited, waiting 10s...
      Rate limited, waiting 10s...
  [1400/1566] processed
      Rate limited, waiting 10s...
      Rate limited, waiting 10s...
      Rate limited, waiting 10s...
      Rate limited, waiting 10s...
      Rate limited, waiting 10s...
      Rate limited, waiting 10s...
      Rate limited, waiting 10s...
      Rate limited, waiting 10s...
      Rate limited, waiting 10s...
  [1450/1566] processed
      Rate limited, waiting 10s...
      Rate limited, waiting 10s...
      Rate limited, waiting 10s...
      Rate limited, waiting 10s...
      Rate limited, waiting 10s...
      Rate limited, waiting 10s...
      Rate limited, waiting 10s...
      Rate limited, waiting 10s...
  [1500/1566] processed
      Rate limited, waiting 10s...
      Rate limited, waiting 10s...
      Rate limited, waiting 10s...
      Rate limited, waiting 10s...
      Rate limited, waiting 10s...
      Rate limited, waiting 10s...
      Rate limited, waiting 10s...
      Rate limited, waiting 10s...
  [1550/1566] processed
      Rate limited, waiting 10s...
      Rate limited, waiting 10s...
      Rate limited, waiting 10s...

Done. 1566 stories scored -> /Users/skipper/Desktop/machine_learning/NLP/NLP_Project/data/analysis/toxicity_scores_english.jsonl

============================================================
TOXICITY SUMMARY (1566 stories)
============================================================
  Stories flagged: 9/1566 (0.57%)
  Saved per-story scores -> /Users/skipper/Desktop/machine_learning/NLP/NLP_Project/data/analysis/toxicity_per_story_english.csv

  Average toxicity by category:
    harassment                     avg=0.00007  max=0.0059
    harassment_threatening         avg=0.00003  max=0.0011
    hate                           avg=0.00000  max=0.0001
    hate_threatening               avg=0.00000  max=0.0000
    illicit                        avg=0.00001  max=0.0038
    illicit_violent                avg=0.00000  max=0.0001
    self_harm                      avg=0.00079  max=0.1247
    self_harm_instructions         avg=0.00001  max=0.0003
    self_harm_intent               avg=0.00014  max=0.0085
    sexual                         avg=0.00324  max=0.0988
    sexual_minors                  avg=0.00007  max=0.0022
    violence                       avg=0.01319  max=0.5112
    violence_graphic               avg=0.00025  max=0.0162
    harassment/threatening         avg=0.00003  max=0.0011
    hate/threatening               avg=0.00000  max=0.0000
    illicit/violent                avg=0.00000  max=0.0001
    self-harm/intent               avg=0.00014  max=0.0085
    self-harm/instructions         avg=0.00001  max=0.0003
    self-harm                      avg=0.00079  max=0.1247
    sexual/minors                  avg=0.00007  max=0.0022
    violence/graphic               avg=0.00025  max=0.0162

  Average overall toxicity by child gender:
              harassment  ...  violence/graphic
child_gender              ...                  
child            0.00007  ...           0.00020
daughter         0.00006  ...           0.00025
son              0.00008  ...           0.00029

[3 rows x 6 columns]
